[100]{email,first_name,gender,id,ip_address,last_name}:
  vcusted0@over-blog.com,Val,Female,1,23.171.135.197,Custed
  mguiden1@odnoklassniki.ru,Marena,Female,2,89.104.230.211,Guiden
  gclawson2@tripadvisor.com,Gabie,Female,3,60.240.1.138,Clawson
  lmaystone3@4shared.com,Luelle,Female,4,3.205.184.176,Maystone
  clawey4@sbwire.com,Callida,Female,5,4.119.47.191,Lawey
  ypeye5@yelp.com,Yuma,Male,6,11.130.68.138,Peye
  mjobb6@blog.com,Maxy,Male,7,62.193.32.142,Jobb
  dfransewich7@ftc.gov,Danya,Male,8,46.242.17.53,Fransewich
  mdurrant8@alibaba.com,Manolo,Male,9,44.137.48.187,Durrant
  akunzelmann9@ed.gov,Angel,Genderfluid,10,131.86.176.137,Kunzelmann
  dlarderota@networkadvertising.org,Delainey,Male,11,207.214.44.201,Larderot
  cbenesevichb@tmall.com,Chancey,Male,12,91.93.6.123,Benesevich
  dnucciottic@youtu.be,Delmar,Male,13,52.112.142.208,Nucciotti
  tlougheidd@ehow.com,Trever,Male,14,190.253.240.149,Lougheid
  awoolene@google.com.br,Aluino,Male,15,10.95.172.105,Woolen
  pstermanf@simplemachines.org,Pierette,Genderqueer,16,89.70.255.10,Sterman
  cbellsong@github.com,Charil,Female,17,29.34.207.251,Bellson
  dfawthorpeh@unc.edu,Darcie,Female,18,252.145.167.211,Fawthorpe
  nsircombei@usatoday.com,Niels,Male,19,218.223.106.250,Sircombe
  sburgisej@hostgator.com,Sharona,Female,20,128.54.217.154,Burgise
  lgrinawayk@wsj.com,Lorine,Female,21,21.225.149.48,Grinaway
  edanhell@nymag.com,Ephraim,Agender,22,195.137.175.154,Danhel
  kskacelm@state.tx.us,Karie,Agender,23,241.247.51.97,Skacel
  omatthewsn@nyu.edu,Ondrea,Female,24,18.236.27.129,Matthews
  iwinmillo@liveinternet.ru,Irwin,Male,25,233.1.209.38,Winmill
  tduffettp@utexas.edu,Tate,Male,26,22.0.165.10,Duffett
  mgannicleffq@bluehost.com,Madalena,Female,27,198.252.133.55,Gannicleff
  gdearr@blog.com,Gale,Male,28,42.112.109.148,Dear
  plovemores@vistaprint.com,Phylys,Female,29,81.161.0.158,Lovemore
  cmaccoughent@umn.edu,Cindy,Female,30,32.95.45.25,MacCoughen
  ayardleyu@networksolutions.com,Alejandra,Female,31,101.227.216.188,Yardley
  kstjohnv@yale.edu,Katharyn,Female,32,244.218.221.164,St. John
  cstaresmearew@earthlink.net,Conchita,Female,33,216.62.169.216,Staresmeare
  kmacloughlinx@nydailynews.com,Kurtis,Male,34,214.180.201.231,MacLoughlin
  cdriy@answers.com,Celesta,Female,35,238.165.209.153,Dri
  rcarlanz@springer.com,Rosalie,Female,36,133.211.196.99,Carlan
  gbosence10@simplemachines.org,Giovanni,Bigender,37,42.127.220.97,Bosence
  amarczyk11@alexa.com,Ambrosi,Male,38,33.128.8.168,Marczyk
  arittelmeyer12@oracle.com,Arnie,Male,39,42.95.16.4,Rittelmeyer
  gcaramuscia13@angelfire.com,Gail,Male,40,43.65.37.102,Caramuscia
  cthreadgill14@indiegogo.com,Carlos,Male,41,131.139.121.155,Threadgill
  dmclafferty15@i2i.jp,Diannne,Female,42,184.254.166.35,McLafferty
  yblennerhassett16@php.net,Yvor,Male,43,1.75.48.173,Blennerhassett
  mwemyss17@lycos.com,Meriel,Female,44,143.37.58.49,Wemyss
  ceastam18@harvard.edu,Carlo,Bigender,45,247.24.196.87,Eastam
  jslowan19@mtv.com,Jilli,Female,46,83.67.140.66,Slowan
  hgorry1a@goo.gl,Hailee,Female,47,36.192.242.56,Gorry
  jporker1b@amazon.co.uk,Jessica,Female,48,253.190.245.207,Porker
  agoutcher1c@ucoz.com,Averil,Female,49,8.59.137.131,Goutcher
  gmclucky1d@boston.com,Glynis,Female,50,47.49.40.161,McLucky
  hteasell1e@mysql.com,Henriette,Female,51,75.144.118.240,Teasell
  ddenton1f@jiathis.com,Dominga,Female,52,78.216.212.220,Denton
  wwanstall1g@shinystat.com,Windham,Male,53,211.55.223.151,Wanstall
  hfrancino1h@taobao.com,Hulda,Female,54,44.165.134.70,Francino
  dellingsworth1i@apache.org,Danna,Female,55,78.37.43.191,Ellingsworth
  drulten1j@skyrock.com,Darrel,Genderfluid,56,54.41.244.199,Rulten
  kgimbrett1k@mac.com,Kristal,Female,57,13.27.204.42,Gimbrett
  fjarrett1l@oakley.com,Faith,Female,58,140.239.91.234,Jarrett
  gkarolczyk1m@fda.gov,Gaylord,Male,59,13.217.92.246,Karolczyk
  kportingale1n@washingtonpost.com,Kalinda,Female,60,18.22.175.180,Portingale
  lgromley1o@homestead.com,Linn,Male,61,46.162.193.101,Gromley
  fkidson1p@gravatar.com,Faun,Female,62,254.129.87.43,Kidson
  pbasant1q@ox.ac.uk,Philip,Male,63,172.7.52.84,Basant
  znewis1r@i2i.jp,Zitella,Female,64,4.21.65.165,Newis
  rstewartson1s@multiply.com,Roscoe,Male,65,234.238.179.152,Stewartson
  mphilipeau1t@globo.com,Maximilian,Agender,66,81.128.62.230,Philipeau
  rdonneely1u@webnode.com,Reube,Male,67,121.74.166.211,Donneely
  astobie1v@wufoo.com,Augustine,Male,68,76.247.144.253,Stobie
  mkharchinski1w@msn.com,Maison,Male,69,111.111.32.108,Kharchinski
  mhammor1x@china.com.cn,Minette,Female,70,43.23.8.1,Hammor
  kcordeiro1y@csmonitor.com,Kiele,Female,71,168.29.203.234,Cordeiro
  rrackley1z@wordpress.com,Rosalind,Female,72,165.51.83.81,Rackley
  bflintoff20@unc.edu,Bryant,Male,73,71.242.34.34,Flintoff
  rburchett21@over-blog.com,Royce,Male,74,81.136.87.53,Burchett
  achuck22@google.pl,Allyce,Polygender,75,227.182.77.43,Chuck
  hranyelld23@devhub.com,Hattie,Female,76,87.25.195.173,Ranyelld
  ctwidell24@irs.gov,Currey,Male,77,242.92.90.75,Twidell
  ltantum25@free.fr,Larina,Female,78,80.194.181.142,Tantum
  evanyushkin26@vkontakte.ru,Elfie,Female,79,57.66.246.87,Vanyushkin
  ccogley27@goo.gl,Cassandra,Female,80,147.13.229.144,Cogley
  jwinson28@elegantthemes.com,Juline,Female,81,15.34.179.78,Winson
  kquant29@chicagotribune.com,Kevina,Female,82,219.139.109.86,Quant
  vrapelli2a@go.com,Valida,Female,83,108.163.71.186,Rapelli
  abrunstan2b@google.com.br,Annamaria,Female,84,3.152.111.28,Brunstan
  nmaling2c@wikispaces.com,Neall,Male,85,201.145.118.235,Maling
  aturle2d@bigcartel.com,Annabela,Female,86,50.66.211.222,Turle
  eantonoyev2e@latimes.com,Emmery,Male,87,146.58.222.232,Antonoyev
  lshadfourth2f@miitbeian.gov.cn,Lexy,Genderfluid,88,96.238.164.127,Shadfourth
  afarrants2g@npr.org,Anselm,Male,89,38.97.118.172,Farrants
  pgever2h@com.com,Phillipe,Male,90,113.110.230.213,Gever
  wbothen2i@jimdo.com,Wyatan,Male,91,54.82.24.231,Bothen
  ekaines2j@dyndns.org,Emmalee,Female,92,42.246.110.164,Kaines
  efarlamb2k@eepurl.com,Egbert,Male,93,52.198.168.140,Farlamb
  bpickring2l@twitpic.com,Blythe,Female,94,186.254.175.121,Pickring
  kcassley2m@opensource.org,Kyle,Female,95,199.232.83.226,Cassley
  aburgise2n@blogspot.com,Alden,Male,96,205.28.40.165,Burgise
  tfitton2o@bbc.co.uk,Trevor,Male,97,69.145.107.116,Fitton
  rkaye2p@constantcontact.com,Roseline,Female,98,196.66.125.55,Kaye
  lnoulton2q@cbsnews.com,Lishe,Polygender,99,196.54.140.97,Noulton
  gschachter2r@comsenz.com,Godfry,Male,100,244.118.143.143,Schachter